// Jest Snapshot v1, https://goo.gl/fbAQLP

exports[`Favorites component snapshot test Should render Favorites correctly 1`] = `
<div
  className="user-page"
>
  <header
    className="page-header user-page__head"
  >
    <div
      className="logo"
    >
      <a
        className="logo__link"
        href="/"
        onClick={[Function]}
      >
        <span
          className="logo__letter logo__letter--1"
        >
          W
        </span>
        <span
          className="logo__letter logo__letter--2"
        >
          T
        </span>
        <span
          className="logo__letter logo__letter--3"
        >
          W
        </span>
      </a>
    </div>
    <div
      className="user-block"
    >
      <a
        className="user-block__link"
        href="/login"
        onClick={[Function]}
      >
        Sign in
      </a>
    </div>
  </header>
  <section
    className="catalog"
  >
    <h2
      className="catalog__title visually-hidden"
    >
      Catalog
    </h2>
    <div
      className="catalog__movies-list"
    >
      <div
        className="catalog__movies-list"
      >
        <article
          className="small-movie-card catalog__movies-card"
          onMouseEnter={[Function]}
          onMouseLeave={[Function]}
        >
          <a
            href="/film/54545454"
            onClick={[Function]}
          >
            <div
              className="small-movie-card__image"
            >
              <video
                autoPlay={false}
                controls={false}
                height="175px"
                muted={true}
                poster="pic.jpg"
                src="video.mp4"
                style={
                  Object {
                    "objectFit": "cover",
                  }
                }
                width="280px"
              />
            </div>
          </a>
          <h3
            className="small-movie-card__title"
          >
            <a
              className="small-movie-card__link"
              href="/film/54545454"
              onClick={[Function]}
            >
              Snatch
            </a>
          </h3>
        </article>
        <article
          className="small-movie-card catalog__movies-card"
          onMouseEnter={[Function]}
          onMouseLeave={[Function]}
        >
          <a
            href="/film/9898988"
            onClick={[Function]}
          >
            <div
              className="small-movie-card__image"
            >
              <video
                autoPlay={false}
                controls={false}
                height="175px"
                muted={true}
                poster="pic.jpg"
                src="video.mp4"
                style={
                  Object {
                    "objectFit": "cover",
                  }
                }
                width="280px"
              />
            </div>
          </a>
          <h3
            className="small-movie-card__title"
          >
            <a
              className="small-movie-card__link"
              href="/film/9898988"
              onClick={[Function]}
            >
              Pulp Fiction
            </a>
          </h3>
        </article>
        <article
          className="small-movie-card catalog__movies-card"
          onMouseEnter={[Function]}
          onMouseLeave={[Function]}
        >
          <a
            href="/film/545468787"
            onClick={[Function]}
          >
            <div
              className="small-movie-card__image"
            >
              <video
                autoPlay={false}
                controls={false}
                height="175px"
                muted={true}
                poster="pic.jpg"
                src="video.mp4"
                style={
                  Object {
                    "objectFit": "cover",
                  }
                }
                width="280px"
              />
            </div>
          </a>
          <h3
            className="small-movie-card__title"
          >
            <a
              className="small-movie-card__link"
              href="/film/545468787"
              onClick={[Function]}
            >
              The Witcher
            </a>
          </h3>
        </article>
      </div>
    </div>
  </section>
</div>
`;
