// Jest Snapshot v1, https://goo.gl/fbAQLP

exports[`Should render Review card correctly 1`] = `
<div
  className="review"
>
  <blockquote
    className="review__quote"
  >
    <p
      className="review__text"
    >
      Comment
    </p>
    <footer
      className="review__details"
    >
      <cite
        className="review__author"
      >
        Sam
      </cite>
      <time
        className="review__date"
        dateTime="6/11/2019"
      >
        June 11, 2019
      </time>
    </footer>
  </blockquote>
  <div
    className="review__rating"
  >
    8.8
  </div>
</div>
`;
