// Jest Snapshot v1, https://goo.gl/fbAQLP

exports[`MoviesList render Should render MoviesList correctly 1`] = `
<div
  className="catalog__movies-list"
>
  <article
    className="small-movie-card catalog__movies-card"
    onMouseEnter={[Function]}
    onMouseLeave={[MockFunction]}
  >
    <a
      href="/film/54545454"
      onClick={[Function]}
    >
      <div
        className="small-movie-card__image"
      >
        <video
          autoPlay={false}
          controls={false}
          height="175px"
          muted={true}
          poster="pic.jpg"
          src="video.mp4"
          style={
            Object {
              "objectFit": "cover",
            }
          }
          width="280px"
        />
      </div>
    </a>
    <h3
      className="small-movie-card__title"
    >
      <a
        className="small-movie-card__link"
        href="/film/54545454"
        onClick={[Function]}
      >
        Snatch
      </a>
    </h3>
  </article>
  <article
    className="small-movie-card catalog__movies-card"
    onMouseEnter={[Function]}
    onMouseLeave={[MockFunction]}
  >
    <a
      href="/film/9898988"
      onClick={[Function]}
    >
      <div
        className="small-movie-card__image"
      >
        <video
          autoPlay={false}
          controls={false}
          height="175px"
          muted={true}
          poster="pic.jpg"
          src="video.mp4"
          style={
            Object {
              "objectFit": "cover",
            }
          }
          width="280px"
        />
      </div>
    </a>
    <h3
      className="small-movie-card__title"
    >
      <a
        className="small-movie-card__link"
        href="/film/9898988"
        onClick={[Function]}
      >
        Pulp Fiction
      </a>
    </h3>
  </article>
  <article
    className="small-movie-card catalog__movies-card"
    onMouseEnter={[Function]}
    onMouseLeave={[MockFunction]}
  >
    <a
      href="/film/545468787"
      onClick={[Function]}
    >
      <div
        className="small-movie-card__image"
      >
        <video
          autoPlay={false}
          controls={false}
          height="175px"
          muted={true}
          poster="pic.jpg"
          src="video.mp4"
          style={
            Object {
              "objectFit": "cover",
            }
          }
          width="280px"
        />
      </div>
    </a>
    <h3
      className="small-movie-card__title"
    >
      <a
        className="small-movie-card__link"
        href="/film/545468787"
        onClick={[Function]}
      >
        The Witcher
      </a>
    </h3>
  </article>
</div>
`;
