// Jest Snapshot v1, https://goo.gl/fbAQLP

exports[`MoviesList render Should render MoviesList correctly 1`] = `
<div
  className="catalog__movies-list"
>
  <article
    className="small-movie-card catalog__movies-card"
    onMouseEnter={[Function]}
    onMouseLeave={[MockFunction]}
  >
    <div
      className="small-movie-card__image"
    >
      <video
        autoPlay={false}
        controls={false}
        height="175px"
        muted={true}
        poster="pic.jpg"
        src="video.mp4"
        width="280px"
      />
    </div>
    <h3
      className="small-movie-card__title"
      onClick={[Function]}
    >
      <a
        className="small-movie-card__link"
      >
        Snatch
      </a>
    </h3>
  </article>
  <article
    className="small-movie-card catalog__movies-card"
    onMouseEnter={[Function]}
    onMouseLeave={[MockFunction]}
  >
    <div
      className="small-movie-card__image"
    >
      <video
        autoPlay={false}
        controls={false}
        height="175px"
        muted={true}
        poster="pic.jpg"
        src="video.mp4"
        width="280px"
      />
    </div>
    <h3
      className="small-movie-card__title"
      onClick={[Function]}
    >
      <a
        className="small-movie-card__link"
      >
        Pulp Fiction
      </a>
    </h3>
  </article>
  <article
    className="small-movie-card catalog__movies-card"
    onMouseEnter={[Function]}
    onMouseLeave={[MockFunction]}
  >
    <div
      className="small-movie-card__image"
    >
      <video
        autoPlay={false}
        controls={false}
        height="175px"
        muted={true}
        poster="pic.jpg"
        src="video.mp4"
        width="280px"
      />
    </div>
    <h3
      className="small-movie-card__title"
      onClick={[Function]}
    >
      <a
        className="small-movie-card__link"
      >
        The Witcher
      </a>
    </h3>
  </article>
</div>
`;
