// Jest Snapshot v1, https://goo.gl/fbAQLP

exports[`MoviesList render Should render MoviesList correctly 1`] = `
<div
  className="catalog__movies-list"
>
  <div
    className="catalog__movies-card__wrapper"
    onMouseEnter={[Function]}
  >
    <article
      className="small-movie-card catalog__movies-card"
    >
      <button
        className="small-movie-card__play-btn"
        onClick={[Function]}
        type="button"
      >
        Play
      </button>
      <div
        className="small-movie-card__image"
      >
        <img
          alt="Snatch"
          height="175"
          src=""
          width="280"
        />
      </div>
      <h3
        className="small-movie-card__title"
      >
        <a
          className="small-movie-card__link"
          href="movie-page.html"
        >
          Snatch
        </a>
      </h3>
    </article>
  </div>
  <div
    className="catalog__movies-card__wrapper"
    onMouseEnter={[Function]}
  >
    <article
      className="small-movie-card catalog__movies-card"
    >
      <button
        className="small-movie-card__play-btn"
        onClick={[Function]}
        type="button"
      >
        Play
      </button>
      <div
        className="small-movie-card__image"
      >
        <img
          alt="Pulp Fiction"
          height="175"
          src=""
          width="280"
        />
      </div>
      <h3
        className="small-movie-card__title"
      >
        <a
          className="small-movie-card__link"
          href="movie-page.html"
        >
          Pulp Fiction
        </a>
      </h3>
    </article>
  </div>
  <div
    className="catalog__movies-card__wrapper"
    onMouseEnter={[Function]}
  >
    <article
      className="small-movie-card catalog__movies-card"
    >
      <button
        className="small-movie-card__play-btn"
        onClick={[Function]}
        type="button"
      >
        Play
      </button>
      <div
        className="small-movie-card__image"
      >
        <img
          alt="The Witcher"
          height="175"
          src=""
          width="280"
        />
      </div>
      <h3
        className="small-movie-card__title"
      >
        <a
          className="small-movie-card__link"
          href="movie-page.html"
        >
          The Witcher
        </a>
      </h3>
    </article>
  </div>
</div>
`;
