// Jest Snapshot v1, https://goo.gl/fbAQLP

exports[`MovieCard render Should render movie card 1`] = `
<article
  className="small-movie-card catalog__movies-card"
  onMouseEnter={[Function]}
  onMouseLeave={[MockFunction]}
>
  <div
    className="small-movie-card__image"
  >
    <video
      autoPlay={false}
      controls={false}
      height="175px"
      muted={true}
      poster="pic.jpg"
      src="video.mp4"
      width="280px"
    />
  </div>
  <h3
    className="small-movie-card__title"
    onClick={[Function]}
  >
    <a
      className="small-movie-card__link"
    >
      Need Mass Effect movie
    </a>
  </h3>
</article>
`;
